<!DOCTYPE html>
<html lang="en">
<head>
  <meta charset="UTF-8">
  <title></title>
  <!-- begin:css -->
  <link rel="stylesheet" type="text/css" href="site.css">
  <!-- end:css -->
</head>
<body>

  <!-- begin:js -->
  <script src="site1.js"></script>
  <script src="site2.js"></script>
  <!-- end:js -->
</body>
</html>
