<!DOCTYPE html>
<html lang="en">
<head>
  <meta charset="UTF-8">
  <title></title>
  <!-- begin:css -->
  <!-- end:css -->
</head>
<body>

<!-- begin:js -->
<script src="test1.js"></script>
<script src="test2.js"></script>
<!-- end:js -->
</body>
</html>
